{
  "parallel": "26m 18s",
  "perAgent": {
    "any": "1h 41m 50s",
  },
  "total": "1h 41m 50s",
}