{
  "parallel": "26m 18s",
  "perAgent": {
    "any": "5h 5m 16s",
  },
  "total": "5h 5m 16s",
}