{
  "parallel": "26m 18s",
  "perAgent": {
    "any": "1h 48m 18s",
  },
  "total": "1h 48m 18s",
}