{
  "parallel": "44m 18s",
  "perAgent": {
    "ts-perf1": "43m 9s",
    "ts-perf2": "44m 18s",
    "ts-perf3": "43m 1s",
  },
  "total": "2h 10m 28s",
}