{
  "parallel": "47m 42s",
  "perAgent": {
    "any": "3h 31m 12s",
  },
  "total": "3h 31m 12s",
}