{
  "parallel": "26m 18s",
  "perAgent": {
    "any": "2h 32m 38s",
  },
  "total": "2h 32m 38s",
}