{
  "parallel": "26m 18s",
  "perAgent": {
    "any": "4h 20m 56s",
  },
  "total": "4h 20m 56s",
}